// Jest Snapshot v1, https://goo.gl/fbAQLP

exports[`Close renders correctly 1`] = `
<div>
  Close
</div>
`;
